// Jest Snapshot v1, https://goo.gl/fbAQLP

exports[`should return 200 and return logged user 1`] = `
{
  "data": {
    "user": null,
  },
}
`;
